============================================================
Scaling-curve leakage audit
============================================================
Held-out prompts: 20
Train prompts:    8124

--- Audit A: verbatim leakage ---
Audit A total: 0 / 20 verbatim leaks

--- Audit B: near-duplicate (Jaccard) leakage ---
For each held-out prompt, max Jaccard against any training prompt:
  [WARN] 1.000  circle_area_ratio ← train:circle_area_ratio  "ratio of two circle areas given their two radii"
  [WARN] 0.833  square_of_sum ← train:square_of_sum  "square up the sum of a and b"
  [WARN] 0.889  triangle_area ← train:triangle_area  "area of a triangle from its base length and height"
  [WARN] 0.778  rectangle_perimeter ← train:rectangle_perimeter  "the perimeter of a rectangle computed from width and height"
  [WARN] 0.833  hypotenuse_squared ← train:hypotenuse_squared  "sum of the squares of the legs"
  [WARN] 0.750  kinetic_energy_clamped ← train:kinetic_energy_clamped  "kinetic energy clamped between lo and hi"
  [WARN] 0.833  momentum ← train:momentum  "momentum from mass and translational velocity"
  [WARN] 0.857  work_done ← train:work_done  "work performed given applied force and distance"
  [WARN] 0.875  power_clamped ← train:power_clamped  "power of x to power index bounded inside lo hi"
  [WARN] 1.000  harmonic_sum ← train:harmonic_sum  "sum of the harmonic first n terms"
  [med ] 0.667  variance_two ← train:variance_two  "dispersion across two samples a and b"
  [WARN] 0.857  abs_z_score ← train:abs_z_score  "absolute z-score given observation and the mean"
  [WARN] 0.778  range_two ← train:range_two  "max-min span between max and min of two readings"
  [WARN] 0.750  midpoint_clamped ← train:midpoint_clamped  "centre of a and b clamped between lo and hi"
  [WARN] 0.857  mse_simple ← train:mse_simple  "squared error from prediction and target"
  [WARN] 0.900  lerp_clamped ← train:lerp_clamped  "linear interpolation between a and b at weight bounded by lo hi"
  [WARN] 0.857  cube_then_clamp ← train:cube_then_clamp  "cube of value bounded inside lo hi"
  [WARN] 0.857  gcd_with_offset ← train:gcd_with_offset  "greatest common divisor of a and b then plus c"
  [WARN] 0.889  harmonic_clamped ← train:harmonic_clamped  "harmonic number for index n bounded between lo and hi"
  [WARN] 0.778  percentage_of_average ← train:percentage_of_average  "percent value relative to the average of a and b"
Audit B total: 19 / 20 held-out prompts with max-Jaccard ≥ 0.7

--- Audit C: lexical anchoring (vocabulary exclusivity) ---
For each held-out prompt, how many of its content words appear in
ONLY its own family's training data (= 'lexical anchors').
  [med ]  43% anchors (3/7, 0 unseen)  circle_area_ratio  anchors=[circle,radii,areas]
  [med ]  25% anchors (1/4, 0 unseen)  square_of_sum  anchors=[square]
  [low ]  14% anchors (1/7, 0 unseen)  triangle_area  anchors=[area]
  [HIGH]  50% anchors (3/6, 0 unseen)  rectangle_perimeter  anchors=[width,rectangle,perimeter]
  [med ]  40% anchors (2/5, 0 unseen)  hypotenuse_squared  anchors=[squares,legs]
  [med ]  40% anchors (2/5, 0 unseen)  kinetic_energy_clamped  anchors=[energy,kinetic]
  [med ]  40% anchors (2/5, 0 unseen)  momentum  anchors=[velocity,momentum]
  [HIGH]  50% anchors (3/6, 0 unseen)  work_done  anchors=[force,performed,work]
  [low ]   0% anchors (0/3, 0 unseen)  power_clamped  anchors=[]
  [low ]  20% anchors (1/5, 0 unseen)  harmonic_sum  anchors=[first]
  [low ]  20% anchors (1/5, 0 unseen)  variance_two  anchors=[variance]
  [low ]   0% anchors (0/6, 0 unseen)  abs_z_score  anchors=[]
  [low ]   0% anchors (0/7, 0 unseen)  range_two  anchors=[]
  [low ]   0% anchors (0/4, 0 unseen)  midpoint_clamped  anchors=[]
  [med ]  43% anchors (3/7, 0 unseen)  mse_simple  anchors=[error,target,prediction]
  [low ]  20% anchors (1/5, 0 unseen)  lerp_clamped  anchors=[interpolation]
  [med ]  33% anchors (1/3, 0 unseen)  cube_then_clamp  anchors=[cube]
  [low ]   0% anchors (0/5, 0 unseen)  gcd_with_offset  anchors=[]
  [low ]   0% anchors (0/6, 0 unseen)  harmonic_clamped  anchors=[]
  [low ]   0% anchors (0/6, 0 unseen)  percentage_of_average  anchors=[]

============================================================
Audit complete. Three signals to interpret:
  Audit A > 0  → strict verbatim leakage (FORBIDDEN[] failed)
  Audit B ≥ 0.7 → near-duplicate; TF-IDF can win on overlap alone
  Audit C ≥ 50% anchors → TF-IDF wins via single-word distinctness
============================================================
